// Jest Snapshot v1, https://goo.gl/fbAQLP

exports[`SearchFormContainerComponent should compile the template 1`] = `
<app-search-form-container
  searchQuery$={[Function Store]}
  store$={[Function Store]}
>
  <app-search-form />
</app-search-form-container>
`;
